#0 building with "default" instance using docker driver

#1 [internal] load build definition from Dockerfile
#1 transferring dockerfile: 1.97kB done
#1 DONE 0.0s

#2 [internal] load metadata for docker.io/library/python:3.12-slim
#2 ...

#3 [auth] library/python:pull token for registry-1.docker.io
#3 DONE 0.0s

#2 [internal] load metadata for docker.io/library/python:3.12-slim
#2 DONE 3.1s

#4 [internal] load .dockerignore
#4 transferring context: 2B done
#4 DONE 0.0s

#5 [internal] load build context
#5 transferring context: 25.67kB done
#5 DONE 0.0s

#6 [builder 6/6] RUN pip install --no-cache-dir --upgrade pip &&     pip install --no-cache-dir -r requirements.txt
#6 CACHED

#7 [runtime 3/6] COPY --from=builder /opt/venv /opt/venv
#7 CACHED

#8 [runtime 2/6] WORKDIR /app
#8 CACHED

#9 [runtime 4/6] COPY app.py .
#9 CACHED

#10 [builder 2/6] WORKDIR /build
#10 CACHED

#11 [builder 3/6] RUN apt-get update && apt-get install -y --no-install-recommends     gcc     g++     libgomp1     && rm -rf /var/lib/apt/lists/*
#11 CACHED

#12 [builder 4/6] COPY requirements.txt .
#12 CACHED

#13 [builder 5/6] RUN python -m venv /opt/venv
#13 CACHED

#14 [runtime 5/6] COPY models/ ./models/
#14 ERROR: failed to calculate checksum of ref 58472e98-92e3-48bc-ba82-488eb646e4e8::cr83r2fh57812dcvumaxi93z9: "/models": not found

#15 [builder 1/6] FROM docker.io/library/python:3.12-slim@sha256:ec948fa5f90f4f8907e89f4800cfd2d2e91e391a4bce4a6afa77ba265bc3a2fe
#15 resolve docker.io/library/python:3.12-slim@sha256:ec948fa5f90f4f8907e89f4800cfd2d2e91e391a4bce4a6afa77ba265bc3a2fe 0.0s done
#15 sha256:ec948fa5f90f4f8907e89f4800cfd2d2e91e391a4bce4a6afa77ba265bc3a2fe 10.37kB / 10.37kB done
#15 sha256:bf73779de6dbd030f3d189eeeb246286965832761ace318c1518300f76c0840d 1.75kB / 1.75kB done
#15 sha256:c8e887bbf3b6fec95a5ff97435d611119ac6e55491cd077db9fdc6b7637bdd47 5.66kB / 5.66kB done
#15 CANCELED
------
 > [runtime 5/6] COPY models/ ./models/:
------
Dockerfile:36
--------------------
  34 |     # Copy application code
  35 |     COPY app.py .
  36 | >>> COPY models/ ./models/
  37 |     
  38 |     # Non-root user for security
--------------------
ERROR: failed to build: failed to solve: failed to compute cache key: failed to calculate checksum of ref 58472e98-92e3-48bc-ba82-488eb646e4e8::cr83r2fh57812dcvumaxi93z9: "/models": not found
